
> gptlisting-ebay-webhooks@0.1.0 test
> jest tests/lib/ebay-sell.test.ts --no-coverage

  console.log
    [putInventoryItem] Sending to eBay: {
      "sku": "SKU123",
      "title": "Test Product",
      "aspectsCount": 2,
      "aspects": {
        "Brand": [
          "Test Brand"
        ],
        "Color": [
          "Blue"
        ]
      },
      "hasBrand": true,
      "brandValue": [
        "Test Brand"
      ]
    }

      at putInventoryItem (src/lib/ebay-sell.ts:166:11)

  console.log
    [putInventoryItem] Γ£ô Success for SKU: SKU123

      at putInventoryItem (src/lib/ebay-sell.ts:188:11)

  console.log
    [putInventoryItem] Sending to eBay: {
      "sku": "SKU123",
      "title": "Test Product",
      "aspectsCount": 2,
      "aspects": {
        "Brand": [
          "Test Brand"
        ],
        "Color": [
          "Blue"
        ]
      },
      "hasBrand": true,
      "brandValue": [
        "Test Brand"
      ]
    }

      at putInventoryItem (src/lib/ebay-sell.ts:166:11)

  console.log
    [putInventoryItem] Γ£ô Success for SKU: SKU123

      at putInventoryItem (src/lib/ebay-sell.ts:188:11)

  console.log
    [putInventoryItem] Sending to eBay: {
      "sku": "SKU123",
      "title": "Test Product",
      "aspectsCount": 2,
      "aspects": {
        "Brand": [
          "Test Brand"
        ],
        "Color": [
          "Blue"
        ]
      },
      "hasBrand": true,
      "brandValue": [
        "Test Brand"
      ]
    }

      at putInventoryItem (src/lib/ebay-sell.ts:166:11)

  console.log
    [putInventoryItem] Γ£ô Success for SKU: SKU123

      at putInventoryItem (src/lib/ebay-sell.ts:188:11)

  console.log
    [putInventoryItem] Sending to eBay: {
      "sku": "SKU123",
      "title": "Test Product",
      "aspectsCount": 2,
      "aspects": {
        "Brand": [
          "Test Brand"
        ],
        "Color": [
          "Blue"
        ]
      },
      "hasBrand": true,
      "brandValue": [
        "Test Brand"
      ]
    }

      at putInventoryItem (src/lib/ebay-sell.ts:166:11)

  console.log
    [putInventoryItem] Γ£ô Success for SKU: SKU123

      at putInventoryItem (src/lib/ebay-sell.ts:188:11)

  console.log
    [putInventoryItem] Sending to eBay: {
      "sku": "SKU123",
      "title": "Test Product",
      "aspectsCount": 2,
      "aspects": {
        "Brand": [
          "Test Brand"
        ],
        "Color": [
          "Blue"
        ]
      },
      "hasBrand": true,
      "brandValue": [
        "Test Brand"
      ]
    }

      at putInventoryItem (src/lib/ebay-sell.ts:166:11)

  console.log
    [putInventoryItem] Γ£ô Success for SKU: SKU123

      at putInventoryItem (src/lib/ebay-sell.ts:188:11)

  console.log
    [putInventoryItem] Sending to eBay: {
      "sku": "SKU123",
      "title": "Test Product",
      "aspectsCount": 2,
      "aspects": {
        "Brand": [
          "Test Brand"
        ],
        "Color": [
          "Blue"
        ]
      },
      "hasBrand": true,
      "brandValue": [
        "Test Brand"
      ]
    }

      at putInventoryItem (src/lib/ebay-sell.ts:166:11)

  console.log
    [putInventoryItem] Γ£ô Success for SKU: SKU123

      at putInventoryItem (src/lib/ebay-sell.ts:188:11)

  console.log
    [putInventoryItem] Setting condition on inventory: NEW

      at putInventoryItem (src/lib/ebay-sell.ts:162:13)

  console.log
    [putInventoryItem] Sending to eBay: {
      "sku": "SKU123",
      "title": "Test Product",
      "aspectsCount": 2,
      "aspects": {
        "Brand": [
          "Test Brand"
        ],
        "Color": [
          "Blue"
        ]
      },
      "hasBrand": true,
      "brandValue": [
        "Test Brand"
      ]
    }

      at putInventoryItem (src/lib/ebay-sell.ts:166:11)

  console.log
    [putInventoryItem] Γ£ô Success for SKU: SKU123

      at putInventoryItem (src/lib/ebay-sell.ts:188:11)

  console.log
    [putInventoryItem] Sending to eBay: {
      "sku": "SKU123",
      "title": "Test Product",
      "aspectsCount": 2,
      "aspects": {
        "Brand": [
          "Test Brand"
        ],
        "Color": [
          "Blue"
        ]
      },
      "hasBrand": true,
      "brandValue": [
        "Test Brand"
      ]
    }

      at putInventoryItem (src/lib/ebay-sell.ts:166:11)

  console.log
    [putInventoryItem] Γ£ô Success for SKU: SKU123

      at putInventoryItem (src/lib/ebay-sell.ts:188:11)

  console.log
    [putInventoryItem] Sending to eBay: {
      "sku": "SKU123",
      "title": "Test Product",
      "aspectsCount": 2,
      "aspects": {
        "Brand": [
          "Test Brand"
        ],
        "Color": [
          "Blue"
        ]
      },
      "hasBrand": true,
      "brandValue": [
        "Test Brand"
      ]
    }

      at putInventoryItem (src/lib/ebay-sell.ts:166:11)

  console.log
    [putInventoryItem] Γ£ô Success for SKU: SKU123

      at putInventoryItem (src/lib/ebay-sell.ts:188:11)

  console.log
    [putInventoryItem] Sending to eBay: {
      "sku": "SKU123",
      "title": "Test Product",
      "aspectsCount": 2,
      "aspects": {
        "Brand": [
          "Test Brand"
        ],
        "Color": [
          "Blue"
        ]
      },
      "hasBrand": true,
      "brandValue": [
        "Test Brand"
      ]
    }

      at putInventoryItem (src/lib/ebay-sell.ts:166:11)

  console.log
    [putInventoryItem] Γ£ô Success for SKU: SKU123

      at putInventoryItem (src/lib/ebay-sell.ts:188:11)

  console.log
    [putInventoryItem] Sending to eBay: {
      "sku": "SKU123",
      "title": "Test Product",
      "aspectsCount": 2,
      "aspects": {
        "Brand": [
          "Test Brand"
        ],
        "Color": [
          "Blue"
        ]
      },
      "hasBrand": true,
      "brandValue": [
        "Test Brand"
      ]
    }

      at putInventoryItem (src/lib/ebay-sell.ts:166:11)

  console.log
    [putInventoryItem] Γ£ô Success for SKU: SKU123

      at putInventoryItem (src/lib/ebay-sell.ts:188:11)

  console.log
    [putInventoryItem] Sending to eBay: {
      "sku": "SKU123",
      "title": "Test Product",
      "aspectsCount": 2,
      "aspects": {
        "Brand": [
          "Test Brand"
        ],
        "Color": [
          "Blue"
        ]
      },
      "hasBrand": true,
      "brandValue": [
        "Test Brand"
      ]
    }

      at putInventoryItem (src/lib/ebay-sell.ts:166:11)

  console.log
    [putInventoryItem] Γ£ô Success for SKU: SKU123

      at putInventoryItem (src/lib/ebay-sell.ts:188:11)

  console.log
    [putInventoryItem] Sending to eBay: {
      "sku": "SKU123",
      "title": "Test Product",
      "aspectsCount": 2,
      "aspects": {
        "Brand": [
          "Test Brand"
        ],
        "Color": [
          "Blue"
        ]
      },
      "hasBrand": true,
      "brandValue": [
        "Test Brand"
      ]
    }

      at putInventoryItem (src/lib/ebay-sell.ts:166:11)

  console.log
    [putInventoryItem] Γ£ô Success for SKU: SKU123

      at putInventoryItem (src/lib/ebay-sell.ts:188:11)

  console.log
    [putInventoryItem] Sending to eBay: {
      "sku": "SKU123",
      "title": "Test Product",
      "aspectsCount": 2,
      "aspects": {
        "Brand": [
          "Test Brand"
        ],
        "Color": [
          "Blue"
        ]
      },
      "hasBrand": true,
      "brandValue": [
        "Test Brand"
      ]
    }

      at putInventoryItem (src/lib/ebay-sell.ts:166:11)

  console.log
    [putInventoryItem] Γ£ô Success for SKU: SKU123

      at putInventoryItem (src/lib/ebay-sell.ts:188:11)

  console.log
    [putInventoryItem] Sending to eBay: {
      "sku": "SKU123",
      "title": "Test Product",
      "aspectsCount": 2,
      "aspects": {
        "Brand": [
          "Test Brand"
        ],
        "Color": [
          "Blue"
        ]
      },
      "hasBrand": true,
      "brandValue": [
        "Test Brand"
      ]
    }

      at putInventoryItem (src/lib/ebay-sell.ts:166:11)

  console.log
    [putInventoryItem] Γ£ô Success for SKU: SKU123

      at putInventoryItem (src/lib/ebay-sell.ts:188:11)

  console.log
    [putInventoryItem] Sending to eBay: {
      "sku": "SKU123",
      "title": "Test Product",
      "aspectsCount": 2,
      "aspects": {
        "Brand": [
          "Test Brand"
        ],
        "Color": [
          "Color0",
          "Color1",
          "Color2",
          "Color3",
          "Color4",
          "Color5",
          "Color6",
          "Color7",
          "Color8",
          "Color9",
          "Color10",
          "Color11",
          "Color12",
          "Color13",
          "Color14",
          "Color15",
          "Color16",
          "Color17",
          "Color18",
          "Color19",
          "Color20",
          "Color21",
          "Color22",
          "Color23",
          "Color24"
        ]
      },
      "hasBrand": true,
      "brandValue": [
        "Test Brand"
      ]
    }

      at putInventoryItem (src/lib/ebay-sell.ts:166:11)

  console.log
    [putInventoryItem] Γ£ô Success for SKU: SKU123

      at putInventoryItem (src/lib/ebay-sell.ts:188:11)

  console.log
    [putInventoryItem] Sending to eBay: {
      "sku": "SKU123",
      "title": "Test Product",
      "aspectsCount": 2,
      "aspects": {
        "Brand": [
          "Test Brand",
          "Another Brand"
        ],
        "Color": [
          "Blue",
          "Red"
        ]
      },
      "hasBrand": true,
      "brandValue": [
        "Test Brand",
        "Another Brand"
      ]
    }

      at putInventoryItem (src/lib/ebay-sell.ts:166:11)

  console.log
    [putInventoryItem] Γ£ô Success for SKU: SKU123

      at putInventoryItem (src/lib/ebay-sell.ts:188:11)

  console.log
    [putInventoryItem] Sending to eBay: {
      "sku": "SKU123",
      "title": "Test Product",
      "aspectsCount": 1,
      "aspects": {
        "Brand": [
          "Test Brand"
        ]
      },
      "hasBrand": true,
      "brandValue": [
        "Test Brand"
      ]
    }

      at putInventoryItem (src/lib/ebay-sell.ts:166:11)

  console.log
    [putInventoryItem] Γ£ô Success for SKU: SKU123

      at putInventoryItem (src/lib/ebay-sell.ts:188:11)

  console.log
    [putInventoryItem] Sending to eBay: {
      "sku": "SKU123",
      "title": "Test Product",
      "aspectsCount": 2,
      "aspects": {
        "Brand": [
          "Test Brand"
        ],
        "Color": [
          "Blue"
        ]
      },
      "hasBrand": true,
      "brandValue": [
        "Test Brand"
      ]
    }

      at putInventoryItem (src/lib/ebay-sell.ts:166:11)

  console.error
    [putInventoryItem] eBay rejected: {"error":"Invalid SKU"}

    [0m [90m 182 |[39m   [36mif[39m ([33m![39mres[33m.[39mok) {
     [90m 183 |[39m     [36mconst[39m detail [33m=[39m [36mawait[39m res[33m.[39mtext()[33m.[39m[36mcatch[39m(() [33m=>[39m [32m""[39m)[33m;[39m
    [31m[1m>[22m[39m[90m 184 |[39m     console[33m.[39merror([32m'[putInventoryItem] eBay rejected:'[39m[33m,[39m detail)[33m;[39m
     [90m     |[39m             [31m[1m^[22m[39m
     [90m 185 |[39m     [36mthrow[39m [36mnew[39m [33mError[39m([32m`Inventory PUT failed ${res.status}: ${detail}`[39m)[33m;[39m
     [90m 186 |[39m   }
     [90m 187 |[39m   [0m

      at putInventoryItem (src/lib/ebay-sell.ts:184:13)
      at Object.<anonymous> (tests/lib/ebay-sell.test.ts:401:9)

  console.log
    [putInventoryItem] Sending to eBay: {
      "sku": "SKU123",
      "title": "Test Product",
      "aspectsCount": 2,
      "aspects": {
        "Brand": [
          "Test Brand"
        ],
        "Color": [
          "Blue"
        ]
      },
      "hasBrand": true,
      "brandValue": [
        "Test Brand"
      ]
    }

      at putInventoryItem (src/lib/ebay-sell.ts:166:11)

  console.warn
    [createOffer] Condition not provided or invalid, defaulting to NEW (1000) for SKU: SKU123

    [0m [90m 256 |[39m   } [36melse[39m {
     [90m 257 |[39m     payload[33m.[39mcondition [33m=[39m [35m1000[39m[33m;[39m [90m// NEW - safest default for most categories[39m
    [31m[1m>[22m[39m[90m 258 |[39m     console[33m.[39mwarn([32m`[createOffer] Condition not provided or invalid, defaulting to NEW (1000) for SKU: ${input.sku}`[39m)[33m;[39m
     [90m     |[39m             [31m[1m^[22m[39m
     [90m 259 |[39m   }
     [90m 260 |[39m   
     [90m 261 |[39m   [90m// Add merchant data if provided (stores pricing status and metadata)[39m[0m

      at createOffer (src/lib/ebay-sell.ts:258:13)
      at Object.<anonymous> (tests/lib/ebay-sell.test.ts:536:9)

npm : FAIL tests/lib/ebay-sell.test.ts
At line:1 char:1
+ npm test -- tests/lib/ebay-sell.test.ts --no-coverage 2>&1 > test-out ...
+ ~~~~~~~~~~~~~~~~~~~~~~~~~~~~~~~~~~~~~~~~~~~~~~~~~~~~~~~~~~~~~~~~~~~~~
    + CategoryInfo          : NotSpecified: (FAIL tests/lib/ebay-sell.test.ts:String) [], RemoteException
    + FullyQualifiedErrorId : NativeCommandError
 
  ebay-sell
    putInventoryItem
      Basic functionality
        ΓêÜ should send authorization header (29 ms)
        ΓêÜ should include marketplace ID header (4 ms)
        ΓêÜ should default marketplace to EBAY_US (1 ms)
        ΓêÜ should include quantity in payload (2 ms)
        ΓêÜ should include product title and description (2 ms)
        ΓêÜ should include package dimensions with default 3x6x4 INCH and 1 POUND (1 ms)
        ΓêÜ should include condition when provided (2 ms)
      Image URL sanitization
        ΓêÜ should accept valid https URLs (2 ms)
        ΓêÜ should accept valid http URLs (1 ms)
        ΓêÜ should filter out invalid URLs (2 ms)
        ΓêÜ should throw if no valid images (16 ms)
        ΓêÜ should limit to 12 images (2 ms)
      Quantity sanitization
        ΓêÜ should use provided quantity (1 ms)
        ΓêÜ should truncate fractional quantities (1 ms)
        ΓêÜ should default to 1 for zero quantity (1 ms)
        ΓêÜ should default to 1 for negative quantity (1 ms)
      Aspects sanitization
        ΓêÜ should sanitize and limit aspect values to 25 (2 ms)
        ΓêÜ should filter empty aspect values (1 ms)
        ΓêÜ should omit aspects with no valid values (1 ms)
      Error handling
        ΓêÜ should throw on non-200 response (6 ms)
        ΓêÜ should throw on network error (3 ms)
    createOffer
      Basic functionality
        ΓêÜ should create offer successfully (1 ms)
        ├ù should check inventory location first
        ├ù should include price in USD with 2 decimals (1 ms)
        ├ù should include policy IDs
        ├ù should default to NEW condition if not provided (6 ms)
        ├ù should return warnings if present
      Price sanitization
        ├ù should round price to 2 decimals
        ΓêÜ should throw for zero price
        ΓêÜ should throw for negative price (1 ms)
      Merchant location key
        ├ù should convert spaces to hyphens in location key
        ΓêÜ should throw if missing location key (1 ms)
        ├ù should throw if location not found (1 ms)
      Error handling
        ├ù should throw on offer creation failure (10 ms)
        ├ù should throw if no offerId in response (1 ms)

  ΓùÅ ebay-sell ΓÇ║ createOffer ΓÇ║ Basic functionality ΓÇ║ should check inventory location first

    TypeError: res.text is not a function

    [0m [90m 270 |[39m     body[33m:[39m [33mJSON[39m[33m.[39mstringify(payload)[33m,[39m
     [90m 271 |[39m   })[33m;[39m
    [31m[1m>[22m[39m[90m 272 |[39m   [36mconst[39m text [33m=[39m [36mawait[39m 
res[33m.[39mtext()[33m.[39m[36mcatch[39m(() [33m=>[39m [32m""[39m)[33m;[39m
     [90m     |[39m                          [31m[1m^[22m[39m
     [90m 273 |[39m   [36mlet[39m json[33m:[39m any [33m=[39m [36mnull[39m[33m;[39m
     [90m 274 |[39m   [36mtry[39m {
     [90m 275 |[39m     json [33m=[39m text [33m?[39m [33mJSON[39m[33m.[39mparse(text) [33m:[39m 
[36mnull[39m[33m;[39m[0m

      at createOffer (src/lib/ebay-sell.ts:272:26)
      at Object.<anonymous> (tests/lib/ebay-sell.test.ts:464:9)

  ΓùÅ ebay-sell ΓÇ║ createOffer ΓÇ║ Basic functionality ΓÇ║ should include price in USD with 2 decimals

    TypeError: Cannot read properties of undefined (reading '1')

    [0m [90m 488 |[39m
     [90m 489 |[39m         [36mconst[39m call [33m=[39m (global[33m.[39mfetch [36mas[39m 
jest[33m.[39m[33mMock[39m)[33m.[39mmock[33m.[39mcalls[[35m1[39m][33m;[39m
    [31m[1m>[22m[39m[90m 490 |[39m         [36mconst[39m body [33m=[39m 
[33mJSON[39m[33m.[39mparse(call[[35m1[39m][33m.[39mbody)[33m;[39m
     [90m     |[39m                                     [31m[1m^[22m[39m
     [90m 491 |[39m         expect(body[33m.[39mpricingSummary)[33m.[39mtoEqual({ price[33m:[39m { 
currency[33m:[39m [32m'USD'[39m[33m,[39m value[33m:[39m [32m'29.99'[39m } })[33m;[39m
     [90m 492 |[39m       })[33m;[39m
     [90m 493 |[39m[0m

      at Object.<anonymous> (tests/lib/ebay-sell.test.ts:490:37)

  ΓùÅ ebay-sell ΓÇ║ createOffer ΓÇ║ Basic functionality ΓÇ║ should include policy IDs

    TypeError: res.text is not a function

    [0m [90m 270 |[39m     body[33m:[39m [33mJSON[39m[33m.[39mstringify(payload)[33m,[39m
     [90m 271 |[39m   })[33m;[39m
    [31m[1m>[22m[39m[90m 272 |[39m   [36mconst[39m text [33m=[39m [36mawait[39m 
res[33m.[39mtext()[33m.[39m[36mcatch[39m(() [33m=>[39m [32m""[39m)[33m;[39m
     [90m     |[39m                          [31m[1m^[22m[39m
     [90m 273 |[39m   [36mlet[39m json[33m:[39m any [33m=[39m [36mnull[39m[33m;[39m
     [90m 274 |[39m   [36mtry[39m {
     [90m 275 |[39m     json [33m=[39m text [33m?[39m [33mJSON[39m[33m.[39mparse(text) [33m:[39m 
[36mnull[39m[33m;[39m[0m

      at createOffer (src/lib/ebay-sell.ts:272:26)
      at Object.<anonymous> (tests/lib/ebay-sell.test.ts:508:9)

  ΓùÅ ebay-sell ΓÇ║ createOffer ΓÇ║ Basic functionality ΓÇ║ should default to NEW condition if not provided

    expect(jest.fn()).toHaveBeenCalledTimes(expected)

    Expected number of calls: 2
    Received number of calls: 1

    [0m [90m 537 |[39m
     [90m 538 |[39m         [90m// Verify it doesn't throw and creates offer successfully[39m
    [31m[1m>[22m[39m[90m 539 |[39m         
expect(global[33m.[39mfetch)[33m.[39mtoHaveBeenCalledTimes([35m2[39m)[33m;[39m
     [90m     |[39m                              [31m[1m^[22m[39m
     [90m 540 |[39m       })[33m;[39m
     [90m 541 |[39m
     [90m 542 |[39m       it([32m'should return warnings if present'[39m[33m,[39m [36masync[39m () 
[33m=>[39m {[0m

      at Object.<anonymous> (tests/lib/ebay-sell.test.ts:539:30)

  ΓùÅ ebay-sell ΓÇ║ createOffer ΓÇ║ Basic functionality ΓÇ║ should return warnings if present

    TypeError: res.text is not a function

    [0m [90m 270 |[39m     body[33m:[39m [33mJSON[39m[33m.[39mstringify(payload)[33m,[39m
     [90m 271 |[39m   })[33m;[39m
    [31m[1m>[22m[39m[90m 272 |[39m   [36mconst[39m text [33m=[39m [36mawait[39m 
res[33m.[39mtext()[33m.[39m[36mcatch[39m(() [33m=>[39m [32m""[39m)[33m;[39m
     [90m     |[39m                          [31m[1m^[22m[39m
     [90m 273 |[39m   [36mlet[39m json[33m:[39m any [33m=[39m [36mnull[39m[33m;[39m
     [90m 274 |[39m   [36mtry[39m {
     [90m 275 |[39m     json [33m=[39m text [33m?[39m [33mJSON[39m[33m.[39mparse(text) [33m:[39m 
[36mnull[39m[33m;[39m[0m

      at createOffer (src/lib/ebay-sell.ts:272:26)
      at Object.<anonymous> (tests/lib/ebay-sell.test.ts:556:24)

  ΓùÅ ebay-sell ΓÇ║ createOffer ΓÇ║ Price sanitization ΓÇ║ should round price to 2 decimals

    TypeError: Cannot read properties of undefined (reading '1')

    [0m [90m 578 |[39m
     [90m 579 |[39m         [36mconst[39m call [33m=[39m (global[33m.[39mfetch [36mas[39m 
jest[33m.[39m[33mMock[39m)[33m.[39mmock[33m.[39mcalls[[35m1[39m][33m;[39m
    [31m[1m>[22m[39m[90m 580 |[39m         [36mconst[39m body [33m=[39m 
[33mJSON[39m[33m.[39mparse(call[[35m1[39m][33m.[39mbody)[33m;[39m
     [90m     |[39m                                     [31m[1m^[22m[39m
     [90m 581 |[39m         
expect(body[33m.[39mpricingSummary[33m.[39mprice[33m.[39mvalue)[33m.[39mtoBe([32m'30.00'[39m)[33m;[39m
     [90m 582 |[39m       })[33m;[39m
     [90m 583 |[39m[0m

      at Object.<anonymous> (tests/lib/ebay-sell.test.ts:580:37)

  ΓùÅ ebay-sell ΓÇ║ createOffer ΓÇ║ Merchant location key ΓÇ║ should convert spaces to hyphens in location key

    TypeError: res.text is not a function

    [0m [90m 270 |[39m     body[33m:[39m [33mJSON[39m[33m.[39mstringify(payload)[33m,[39m
     [90m 271 |[39m   })[33m;[39m
    [31m[1m>[22m[39m[90m 272 |[39m   [36mconst[39m text [33m=[39m [36mawait[39m 
res[33m.[39mtext()[33m.[39m[36mcatch[39m(() [33m=>[39m [32m""[39m)[33m;[39m
     [90m     |[39m                          [31m[1m^[22m[39m
     [90m 273 |[39m   [36mlet[39m json[33m:[39m any [33m=[39m [36mnull[39m[33m;[39m
     [90m 274 |[39m   [36mtry[39m {
     [90m 275 |[39m     json [33m=[39m text [33m?[39m [33mJSON[39m[33m.[39mparse(text) [33m:[39m 
[36mnull[39m[33m;[39m[0m

      at createOffer (src/lib/ebay-sell.ts:272:26)
      at Object.<anonymous> (tests/lib/ebay-sell.test.ts:612:9)

  ΓùÅ ebay-sell ΓÇ║ createOffer ΓÇ║ Merchant location key ΓÇ║ should throw if location not found

    expect(received).rejects.toThrow()

    Received promise resolved instead of rejected
    Resolved to value: {"offerId": "OFFER123", "raw": {"offerId": "OFFER123"}, "warnings": []}

    [0m [90m 640 |[39m         })[33m;[39m
     [90m 641 |[39m
    [31m[1m>[22m[39m[90m 642 |[39m         [36mawait[39m expect(
     [90m     |[39m               [31m[1m^[22m[39m
     [90m 643 |[39m           createOffer([32m'test-token'[39m[33m,[39m 
[32m'https://api.ebay.com'[39m[33m,[39m basePayload)
     [90m 644 |[39m         )[33m.[39mrejects[33m.[39mtoThrow([32m'Inventory location check failed 
404'[39m)[33m;[39m
     [90m 645 |[39m         [0m

      at expect (node_modules/expect/build/index.js:113:15)
      at Object.<anonymous> (tests/lib/ebay-sell.test.ts:642:15)

  ΓùÅ ebay-sell ΓÇ║ createOffer ΓÇ║ Error handling ΓÇ║ should throw on offer creation failure

    expect(received).rejects.toThrow(expected)

    Expected substring: "Offer create failed 400"
    Received message:   "res.text is not a function"

        [0m [90m 270 |[39m     body[33m:[39m [33mJSON[39m[33m.[39mstringify(payload)[33m,[39m
         [90m 271 |[39m   })[33m;[39m
        [31m[1m>[22m[39m[90m 272 |[39m   [36mconst[39m text [33m=[39m [36mawait[39m 
res[33m.[39mtext()[33m.[39m[36mcatch[39m(() [33m=>[39m [32m""[39m)[33m;[39m
         [90m     |[39m                          [31m[1m^[22m[39m
         [90m 273 |[39m   [36mlet[39m json[33m:[39m any [33m=[39m [36mnull[39m[33m;[39m
         [90m 274 |[39m   [36mtry[39m {
         [90m 275 |[39m     json [33m=[39m text [33m?[39m [33mJSON[39m[33m.[39mparse(text) [33m:[39m 
[36mnull[39m[33m;[39m[0m

      at createOffer (src/lib/ebay-sell.ts:272:26)
      at Object.<anonymous> (tests/lib/ebay-sell.test.ts:667:9)
      at Object.toThrow (node_modules/expect/build/index.js:218:22)
      at Object.<anonymous> (tests/lib/ebay-sell.test.ts:669:19)

  ΓùÅ ebay-sell ΓÇ║ createOffer ΓÇ║ Error handling ΓÇ║ should throw if no offerId in response

    expect(received).rejects.toThrow()

    Received promise resolved instead of rejected
    Resolved to value: {"offerId": "OFFER123", "raw": {"offerId": "OFFER123", "warnings": [{"message": "Some 
warning"}]}, "warnings": [{"message": "Some warning"}]}

    [0m [90m 685 |[39m         })[33m;[39m
     [90m 686 |[39m
    [31m[1m>[22m[39m[90m 687 |[39m         [36mawait[39m expect(
     [90m     |[39m               [31m[1m^[22m[39m
     [90m 688 |[39m           createOffer([32m'test-token'[39m[33m,[39m 
[32m'https://api.ebay.com'[39m[33m,[39m basePayload)
     [90m 689 |[39m         )[33m.[39mrejects[33m.[39mtoThrow([32m'succeeded without offerId'[39m)[33m;[39m
     [90m 690 |[39m       })[33m;[39m[0m

      at expect (node_modules/expect/build/index.js:113:15)
      at Object.<anonymous> (tests/lib/ebay-sell.test.ts:687:15)

Test Suites: 1 failed, 1 total
Tests:       10 failed, 25 passed, 35 total
Snapshots:   0 total
Time:        0.673 s, estimated 2 s
Ran all test suites matching /tests\\lib\\ebay-sell.test.ts/i.
